// Jest Snapshot v1, https://goo.gl/fbAQLP

exports[`Order PaymentForm Spreedly renders fields 1`] = `
<Spreedly>
  <section>
    <FormGroup
      tag="div"
    >
      <div
        className="form-group"
      >
        <label>
          Name On Card
        </label>
        <Input
          id="nameOnCard"
          name="nameOnCard"
          onChange={[Function]}
          placeholder="Name On Card"
          type="text"
        >
          <input
            className="form-control"
            id="nameOnCard"
            name="nameOnCard"
            onChange={[Function]}
            placeholder="Name On Card"
            type="text"
          />
        </Input>
      </div>
    </FormGroup>
    <FormGroup
      tag="div"
    >
      <div
        className="form-group"
      >
        <Label
          tag="label"
          widths={
            Array [
              "xs",
              "sm",
              "md",
              "lg",
              "xl",
            ]
          }
        >
          <label
            className=""
          >
            Credit Card Number
          </label>
        </Label>
        <div
          class="spreedly-input"
          id="spreedly-number"
        />
      </div>
    </FormGroup>
    <FormGroup
      tag="div"
    >
      <div
        className="form-group"
      >
        <Row
          tag="div"
        >
          <div
            className="row"
          >
            <Col
              size="9"
              tag="div"
              widths={
                Array [
                  "xs",
                  "sm",
                  "md",
                  "lg",
                  "xl",
                ]
              }
            >
              <div
                className="col"
                size="9"
              >
                <Label
                  tag="label"
                  widths={
                    Array [
                      "xs",
                      "sm",
                      "md",
                      "lg",
                      "xl",
                    ]
                  }
                >
                  <label
                    className=""
                  >
                    Expiration Date
                  </label>
                </Label>
                <Input
                  id="month"
                  maxlength="2"
                  name="month"
                  onChange={[Function]}
                  placeholder="MM"
                  type="text"
                >
                  <input
                    className="form-control"
                    id="month"
                    maxlength="2"
                    name="month"
                    onChange={[Function]}
                    placeholder="MM"
                    type="text"
                  />
                </Input>
                <Input
                  id="year"
                  maxlength="4"
                  name="year"
                  onChange={[Function]}
                  placeholder="YYYY"
                  type="text"
                >
                  <input
                    className="form-control"
                    id="year"
                    maxlength="4"
                    name="year"
                    onChange={[Function]}
                    placeholder="YYYY"
                    type="text"
                  />
                </Input>
              </div>
            </Col>
            <Col
              size="3"
              tag="div"
              widths={
                Array [
                  "xs",
                  "sm",
                  "md",
                  "lg",
                  "xl",
                ]
              }
            >
              <div
                className="col"
                size="3"
              >
                <Label
                  tag="label"
                  widths={
                    Array [
                      "xs",
                      "sm",
                      "md",
                      "lg",
                      "xl",
                    ]
                  }
                >
                  <label
                    className=""
                  >
                    CVV
                  </label>
                </Label>
                <div
                  class="spreedly-input"
                  id="spreedly-cvv"
                />
              </div>
            </Col>
          </div>
        </Row>
      </div>
    </FormGroup>
  </section>
</Spreedly>
`;
