// Jest Snapshot v1, https://goo.gl/fbAQLP

exports[`Order PaymentForm Spreedly renders fields 1`] = `
<Spreedly>
  <section>
    <FormGroup
      tag="div"
    >
      <div
        className="form-group"
      >
        <label>
          Name On Card
        </label>
        <Input
          id="full_name"
          name="full_name"
          onChange={[Function]}
          placeholder="Name On Card"
          type="text"
        >
          <input
            className="form-control"
            id="full_name"
            name="full_name"
            onChange={[Function]}
            placeholder="Name On Card"
            type="text"
          />
        </Input>
      </div>
    </FormGroup>
    <FormGroup
      tag="div"
    >
      <div
        className="form-group"
      >
        <Label
          tag="label"
          widths={
            Array [
              "xs",
              "sm",
              "md",
              "lg",
              "xl",
            ]
          }
        >
          <label
            className=""
          >
            Credit Card Number
          </label>
        </Label>
        <div
          id="spreedly-number"
          style={
            Object {
              "height": "48px",
            }
          }
        />
      </div>
    </FormGroup>
    <FormGroup
      tag="div"
    >
      <div
        className="form-group"
      >
        <Row
          tag="div"
        >
          <div
            className="row"
          >
            <Col
              tag="div"
              widths={
                Array [
                  "xs",
                  "sm",
                  "md",
                  "lg",
                  "xl",
                ]
              }
              xs="6"
            >
              <div
                className="col-6"
              >
                <Label
                  tag="label"
                  widths={
                    Array [
                      "xs",
                      "sm",
                      "md",
                      "lg",
                      "xl",
                    ]
                  }
                >
                  <label
                    className=""
                  >
                    Expiration Date
                  </label>
                </Label>
                <Row
                  tag="div"
                >
                  <div
                    className="row"
                  >
                    <Col
                      tag="div"
                      widths={
                        Array [
                          "xs",
                          "sm",
                          "md",
                          "lg",
                          "xl",
                        ]
                      }
                      xs="6"
                    >
                      <div
                        className="col-6"
                      >
                        <Input
                          id="month"
                          maxlength="2"
                          name="month"
                          onChange={[Function]}
                          placeholder="MM"
                          type="text"
                        >
                          <input
                            className="form-control"
                            id="month"
                            maxlength="2"
                            name="month"
                            onChange={[Function]}
                            placeholder="MM"
                            type="text"
                          />
                        </Input>
                      </div>
                    </Col>
                    <Col
                      tag="div"
                      widths={
                        Array [
                          "xs",
                          "sm",
                          "md",
                          "lg",
                          "xl",
                        ]
                      }
                      xs="6"
                    >
                      <div
                        className="col-6"
                      >
                        <Input
                          id="year"
                          maxlength="4"
                          name="year"
                          onChange={[Function]}
                          placeholder="YYYY"
                          type="text"
                        >
                          <input
                            className="form-control"
                            id="year"
                            maxlength="4"
                            name="year"
                            onChange={[Function]}
                            placeholder="YYYY"
                            type="text"
                          />
                        </Input>
                      </div>
                    </Col>
                  </div>
                </Row>
              </div>
            </Col>
            <Col
              tag="div"
              widths={
                Array [
                  "xs",
                  "sm",
                  "md",
                  "lg",
                  "xl",
                ]
              }
              xs="3"
            >
              <div
                className="col-3"
              >
                <Label
                  tag="label"
                  widths={
                    Array [
                      "xs",
                      "sm",
                      "md",
                      "lg",
                      "xl",
                    ]
                  }
                >
                  <label
                    className=""
                  >
                    CVV
                  </label>
                </Label>
                <div
                  id="spreedly-cvv"
                  style={
                    Object {
                      "height": "48px",
                    }
                  }
                />
              </div>
            </Col>
          </div>
        </Row>
      </div>
    </FormGroup>
  </section>
</Spreedly>
`;
