// Jest Snapshot v1, https://goo.gl/fbAQLP

exports[`Order PaymentForm Square renders fields 1`] = `
<Square>
  <section>
    <div
      id="sq-ccbox"
    >
      <FormGroup
        tag="div"
      >
        <div
          className="form-group"
        >
          <Label
            tag="label"
            widths={
              Array [
                "xs",
                "sm",
                "md",
                "lg",
                "xl",
              ]
            }
          >
            <label
              className=""
            >
              Card Number
            </label>
          </Label>
          <div
            id="sq-card-number"
          />
        </div>
      </FormGroup>
      <FormGroup
        tag="div"
      >
        <div
          className="form-group"
        >
          <Row
            tag="div"
          >
            <div
              className="row"
            >
              <Col
                tag="div"
                widths={
                  Array [
                    "xs",
                    "sm",
                    "md",
                    "lg",
                    "xl",
                  ]
                }
                xs="6"
              >
                <div
                  className="col-6"
                >
                  <Label
                    tag="label"
                    widths={
                      Array [
                        "xs",
                        "sm",
                        "md",
                        "lg",
                        "xl",
                      ]
                    }
                  >
                    <label
                      className=""
                    >
                      Expiration Date
                    </label>
                  </Label>
                  <div
                    id="sq-expiration-date"
                  />
                </div>
              </Col>
              <Col
                tag="div"
                widths={
                  Array [
                    "xs",
                    "sm",
                    "md",
                    "lg",
                    "xl",
                  ]
                }
                xs="3"
              >
                <div
                  className="col-3"
                >
                  <Label
                    tag="label"
                    widths={
                      Array [
                        "xs",
                        "sm",
                        "md",
                        "lg",
                        "xl",
                      ]
                    }
                  >
                    <label
                      className=""
                    >
                      CVV
                    </label>
                  </Label>
                  <div
                    id="sq-cvv"
                  />
                </div>
              </Col>
            </div>
          </Row>
        </div>
      </FormGroup>
      <FormGroup
        tag="div"
      >
        <div
          className="form-group"
        >
          <Label
            tag="label"
            widths={
              Array [
                "xs",
                "sm",
                "md",
                "lg",
                "xl",
              ]
            }
          >
            <label
              className=""
            >
              Postal Code
            </label>
          </Label>
          <div
            id="sq-postal-code"
          />
        </div>
      </FormGroup>
      <input
        id="card-nonce"
        name="nonce"
        type="hidden"
      />
    </div>
  </section>
</Square>
`;
